// Jest Snapshot v1, https://goo.gl/fbAQLP

exports[`createDnsRecordSetEntity properties transferred 1`] = `
{
  "TTL": 3600,
  "_class": [
    "DomainRecord",
  ],
  "_key": "/subscriptions/d3803fd6-2ba4-4286-80aa-f3d613ad59a7/resourceGroups/j1dev/providers/Microsoft.Network/privateDnsZones/jupiterone-dev.com/SOA/@",
  "_rawData": [
    {
      "name": "default",
      "rawData": {
        "etag": "589999ef-895a-45ff-961e-6984428e321b",
        "fqdn": "jupiterone-dev.com.",
        "id": "/subscriptions/d3803fd6-2ba4-4286-80aa-f3d613ad59a7/resourceGroups/j1dev/providers/Microsoft.Network/privateDnsZones/jupiterone-dev.com/SOA/@",
        "isAutoRegistered": false,
        "name": "@",
        "soaRecord": {
          "email": "azureprivatedns-host.microsoft.com",
          "expireTime": 2419200,
          "host": "azureprivatedns.net",
          "minimumTtl": 10,
          "refreshTime": 3600,
          "retryTime": 300,
          "serialNumber": 1,
        },
        "ttl": 3600,
        "type": "Microsoft.Network/privateDnsZones/SOA",
      },
    },
  ],
  "_type": "azure_private_dns_record_set",
  "azureType": "Microsoft.Network/privateDnsZones/SOA",
  "createdOn": undefined,
  "displayName": "@",
  "etag": "589999ef-895a-45ff-961e-6984428e321b",
  "fqdn": "jupiterone-dev.com.",
  "id": "/subscriptions/d3803fd6-2ba4-4286-80aa-f3d613ad59a7/resourceGroups/j1dev/providers/Microsoft.Network/privateDnsZones/jupiterone-dev.com/SOA/@",
  "isAutoRegistered": false,
  "name": "@",
  "ttl": 3600,
  "type": "SOA",
  "webLink": "https://portal.azure.com/#@something.onmicrosoft.com/resource/subscriptions/d3803fd6-2ba4-4286-80aa-f3d613ad59a7/resourceGroups/j1dev/providers/Microsoft.Network/privateDnsZones/jupiterone-dev.com/SOA/@",
}
`;

exports[`createPrivateDnsZoneEntity properties transferred 1`] = `
{
  "_class": [
    "DomainZone",
  ],
  "_key": "/subscriptions/d3803fd6-2ba4-4286-80aa-f3d613ad59a7/resourceGroups/j1dev/providers/Microsoft.Network/privateDnsZones/jupiterone-dev.com",
  "_rawData": [
    {
      "name": "default",
      "rawData": {
        "etag": "f7c2be09-f492-4470-9663-739cabcbecfd",
        "id": "/subscriptions/d3803fd6-2ba4-4286-80aa-f3d613ad59a7/resourceGroups/j1dev/providers/Microsoft.Network/privateDnsZones/jupiterone-dev.com",
        "location": "global",
        "maxNumberOfRecordSets": 25000,
        "maxNumberOfVirtualNetworkLinks": 1000,
        "maxNumberOfVirtualNetworkLinksWithRegistration": 100,
        "name": "jupiterone-dev.com",
        "numberOfRecordSets": 2,
        "numberOfVirtualNetworkLinks": 0,
        "numberOfVirtualNetworkLinksWithRegistration": 0,
        "provisioningState": "Succeeded",
        "tags": {},
        "type": "Microsoft.Network/privateDnsZones",
      },
    },
  ],
  "_type": "azure_private_dns_zone",
  "createdOn": undefined,
  "displayName": "jupiterone-dev.com",
  "domainName": "jupiterone-dev.com",
  "etag": "f7c2be09-f492-4470-9663-739cabcbecfd",
  "id": "/subscriptions/d3803fd6-2ba4-4286-80aa-f3d613ad59a7/resourceGroups/j1dev/providers/Microsoft.Network/privateDnsZones/jupiterone-dev.com",
  "location": "global",
  "maxNumberOfRecordSets": 25000,
  "maxNumberOfVirtualNetworkLinks": 1000,
  "maxNumberOfVirtualNetworkLinksWithRegistration": 100,
  "name": "jupiterone-dev.com",
  "numberOfRecordSets": 2,
  "numberOfVirtualNetworkLinks": 0,
  "numberOfVirtualNetworkLinksWithRegistration": 0,
  "provisioningState": "Succeeded",
  "recordsCount": 2,
  "type": "Microsoft.Network/privateDnsZones",
  "webLink": "https://portal.azure.com/#@something.onmicrosoft.com/resource/subscriptions/d3803fd6-2ba4-4286-80aa-f3d613ad59a7/resourceGroups/j1dev/providers/Microsoft.Network/privateDnsZones/jupiterone-dev.com",
}
`;
