// Jest Snapshot v1, https://goo.gl/fbAQLP

exports[`createPolicyAssignmentEntity properties transferred 1`] = `
{
  "_class": [
    "ControlPolicy",
  ],
  "_key": "/subscriptions/40474ebe-55a2-4071-8fa8-b610acdd8e56/providers/Microsoft.Authorization/policyAssignments/SecurityCenterBuiltIn",
  "_rawData": [
    {
      "name": "default",
      "rawData": {
        "description": "This is the default set of policies monitored by Azure Security Center. It was automatically assigned as part of onboarding to Security Center. The default assignment contains only audit policies. For more information please visit https://aka.ms/ascpolicies",
        "displayName": "ASC Default (subscription: 40474ebe-55a2-4071-8fa8-b610acdd8e56)",
        "enforcementMode": "Default",
        "id": "/subscriptions/40474ebe-55a2-4071-8fa8-b610acdd8e56/providers/Microsoft.Authorization/policyAssignments/SecurityCenterBuiltIn",
        "metadata": {
          "assignedBy": "Security Center",
          "createdBy": "488baaae-0786-48e5-aa3d-6c7c773d9557",
          "createdOn": "2020-09-24T16:32:06.2258988Z",
          "parameterScopes": {},
          "updatedBy": "3b3dbbda-9a3c-4b0b-b2f4-60cfeaa74233",
          "updatedOn": "2020-10-29T17:42:36.1625526Z",
        },
        "name": "SecurityCenterBuiltIn",
        "notScopes": [],
        "parameters": {
          "systemUpdatesMonitoringEffect": {
            "value": "AuditIfNotExists",
          },
        },
        "policyDefinitionId": "/providers/Microsoft.Authorization/policySetDefinitions/1f3afdf9-d0c9-4c3d-847f-89da613e70a8",
        "scope": "/subscriptions/40474ebe-55a2-4071-8fa8-b610acdd8e56",
        "sku": {
          "name": "A0",
          "tier": "Free",
        },
        "type": "Microsoft.Authorization/policyAssignments",
      },
    },
  ],
  "_type": "azure_policy_assignment",
  "assignedBy": "Security Center",
  "createdBy": "488baaae-0786-48e5-aa3d-6c7c773d9557",
  "createdOn": 1600965126225,
  "description": "This is the default set of policies monitored by Azure Security Center. It was automatically assigned as part of onboarding to Security Center. The default assignment contains only audit policies. For more information please visit https://aka.ms/ascpolicies",
  "displayName": "ASC Default (subscription: 40474ebe-55a2-4071-8fa8-b610acdd8e56)",
  "enforcementMode": "Default",
  "id": "/subscriptions/40474ebe-55a2-4071-8fa8-b610acdd8e56/providers/Microsoft.Authorization/policyAssignments/SecurityCenterBuiltIn",
  "name": "ASC Default (subscription: 40474ebe-55a2-4071-8fa8-b610acdd8e56)",
  "parameters.systemUpdatesMonitoringEffect": "AuditIfNotExists",
  "policyDefinitionId": "/providers/Microsoft.Authorization/policySetDefinitions/1f3afdf9-d0c9-4c3d-847f-89da613e70a8",
  "scope": "/subscriptions/40474ebe-55a2-4071-8fa8-b610acdd8e56",
  "sku.name": "A0",
  "sku.tier": "Free",
  "type": "Microsoft.Authorization/policyAssignments",
  "updatedBy": "3b3dbbda-9a3c-4b0b-b2f4-60cfeaa74233",
  "updatedOn": 1603993356162,
  "webLink": "https://portal.azure.com/#@something.onmicrosoft.com/resource/subscriptions/40474ebe-55a2-4071-8fa8-b610acdd8e56/providers/Microsoft.Authorization/policyAssignments/SecurityCenterBuiltIn",
}
`;
