// Jest Snapshot v1, https://goo.gl/fbAQLP

exports[`createMonitorLogProfileEntity properties transferred 1`] = `
{
  "_class": [
    "Configuration",
  ],
  "_key": "/subscriptions/df602c9c-7aa0-407d-a6fb-eb20c8bd1192/providers/microsoft.insights/logprofiles/default",
  "_rawData": [
    {
      "name": "default",
      "rawData": {
        "categories": [
          "Delete",
          "Write",
          "Action",
        ],
        "id": "/subscriptions/df602c9c-7aa0-407d-a6fb-eb20c8bd1192/providers/microsoft.insights/logprofiles/default",
        "location": "",
        "locations": [
          "global",
        ],
        "name": "default",
        "retentionPolicy": {
          "days": 3,
          "enabled": true,
        },
        "serviceBusRuleId": "",
        "storageAccountId": "/subscriptions/df602c9c-7aa0-407d-a6fb-eb20c8bd1192/resourceGroups/JohnKemTest/providers/Microsoft.Storage/storageAccounts/johnkemtest8162",
        "type": "",
      },
    },
  ],
  "_type": "azure_monitor_log_profile",
  "categories": [
    "Delete",
    "Write",
    "Action",
  ],
  "createdOn": undefined,
  "displayName": "default",
  "id": "/subscriptions/df602c9c-7aa0-407d-a6fb-eb20c8bd1192/providers/microsoft.insights/logprofiles/default",
  "locations": [
    "global",
  ],
  "name": "default",
  "retentionPolicy.days": 3,
  "retentionPolicy.enabled": true,
  "serviceBusRuleId": "",
  "storageAccountId": "/subscriptions/df602c9c-7aa0-407d-a6fb-eb20c8bd1192/resourceGroups/JohnKemTest/providers/Microsoft.Storage/storageAccounts/johnkemtest8162",
  "webLink": "https://portal.azure.com/#@something.onmicrosoft.com/resource/subscriptions/df602c9c-7aa0-407d-a6fb-eb20c8bd1192/providers/microsoft.insights/logprofiles/default",
}
`;
